// Vitest Snapshot v1, https://vitest.dev/guide/snapshot.html

exports[`Test ServerBlockNoteEditor with React blocks > works for blocks with context 1`] = `"<div class="bn-block-group" data-node-type="blockGroup"><div class="bn-block-outer" data-node-type="blockOuter" data-id="1"><div class="bn-block" data-node-type="blockContainer" data-id="1"><div class="bn-block-content" data-content-type="reactContextParagraph" data-node-view-wrapper="" style="white-space: normal;"><div data-editable="">React Context Paragraph</div></div></div></div></div>"`;

exports[`Test ServerBlockNoteEditor with React blocks > works for simple blocks 1`] = `"<div class="bn-block-group" data-node-type="blockGroup"><div class="bn-block-outer" data-node-type="blockOuter" data-id="1"><div class="bn-block" data-node-type="blockContainer" data-id="1"><div class="bn-block-content" data-content-type="simpleReactCustomParagraph" data-node-view-wrapper="" style="white-space: normal;"><p class="simple-react-custom-paragraph" data-editable="">React Custom Paragraph</p></div></div></div></div>"`;
